// Jest Snapshot v1, https://goo.gl/fbAQLP

exports[`renders correctly when the component matches the snapshot 1`] = `
<div
  className="pl-44 py-4 medium:px-24 medium:py-2 small:px-4 small:py-2"
>
  <h1
    className="mb-4 text-4xl text-dark-gray md:text-5xl lg:text-6x pb-7 text-left mt-8"
  >
    bookmarked-jobs
  </h1>
</div>
`;
