// Jest Snapshot v1, https://goo.gl/fbAQLP

exports[`renders Latest Jobs correctly 1`] = `
<div
  className="bg-gray-100"
>
  <div
    className="max-w-[70%] large:max-w-[70%] medium:max-w-[80%] small:max-w-[85%] h-full mx-auto py-10 small:py-5"
  >
    <h1
      className="text-3xl small:text-xl text-secondary mb-10 small:mb-5 font-semibold"
    >
      Latest Jobs
    </h1>
    <div
      className="flex justify-end"
    >
      <label
        className="mr-4 small:mr-2 small:text-sm"
        htmlFor="full-time"
      >
        <input
          checked={false}
          className="mr-2 small:mr-1"
          id="full-time"
          onChange={[Function]}
          type="checkbox"
        />
        Full Time
      </label>
      <label
        className="mr-4 small:mr-2 small:text-sm"
        htmlFor="part-time"
      >
        <input
          checked={false}
          className="mr-2 small:mr-1"
          id="part-time"
          onChange={[Function]}
          type="checkbox"
        />
        Part Time
      </label>
      <label
        className="small:text-sm"
        htmlFor="remote"
      >
        <input
          checked={false}
          className="mr-2 small:mr-1"
          id="remote"
          onChange={[Function]}
          type="checkbox"
        />
        Remote
      </label>
    </div>
    <div
      className="overflow-x-auto shadow-md"
    >
      <table
        className="w-full text-sm text-left text-gray-500 dark:text-gray-400"
      >
        <thead
          className="text-xs text-secondary bg-gray-50 dark:bg-gray-700 dark:text-gray-400"
        >
          <tr>
            <th
              className="py-3 px-6 small:py-2 small:px-3"
              scope="col"
            >
              Position
            </th>
            <th
              className="py-3 px-6 small:py-2 small:px-3"
              scope="col"
            >
              Salary
            </th>
            <th
              className="py-3 px-6 small:py-2 small:px-3"
              scope="col"
            >
              Date
            </th>
            <td />
          </tr>
        </thead>
        <tbody>
          <tr
            className="bg-white dark:bg-gray-800 small:text-xs"
          >
            <th
              className="py-4 px-6 small:py-1 small:px-2 font-medium text-gray-900 whitespace-nowrap dark:text-white"
              scope="row"
            >
              Web Developer f
            </th>
            <td
              className="py-4 px-6 small:py-1 small:px-2"
            >
              2000$-3000$
            </td>
            <td
              className="py-4 px-6 small:py-1 small:px-2"
            >
              10/10/2022
            </td>
            <td
              className="py-4 px-6 small:py-1 small:px-2 w-20"
            >
              <button
                className="w-25 h-7 bg-white text-accent border-2 
 border-accent rounded-3xl px-5 small:w-15 small:h-5 
 small:rounded-xs small:px-2 hover:border-primary hover:text-primary"
                type="button"
              >
                Apply
              </button>
            </td>
          </tr>
          <tr
            className="bg-white dark:bg-gray-800 small:text-xs"
          >
            <th
              className="py-4 px-6 small:py-1 small:px-2 font-medium text-gray-900 whitespace-nowrap dark:text-white"
              scope="row"
            >
              Web Developer p
            </th>
            <td
              className="py-4 px-6 small:py-1 small:px-2"
            >
              2000$-3000$
            </td>
            <td
              className="py-4 px-6 small:py-1 small:px-2"
            >
              10/10/2022
            </td>
            <td
              className="py-4 px-6 small:py-1 small:px-2 w-20"
            >
              <button
                className="w-25 h-7 bg-white text-accent border-2 
 border-accent rounded-3xl px-5 small:w-15 small:h-5 
 small:rounded-xs small:px-2 hover:border-primary hover:text-primary"
                type="button"
              >
                Apply
              </button>
            </td>
          </tr>
          <tr
            className="bg-white dark:bg-gray-800 small:text-xs"
          >
            <th
              className="py-4 px-6 small:py-1 small:px-2 font-medium text-gray-900 whitespace-nowrap dark:text-white"
              scope="row"
            >
              Web Developer fr
            </th>
            <td
              className="py-4 px-6 small:py-1 small:px-2"
            >
              2000$-3000$
            </td>
            <td
              className="py-4 px-6 small:py-1 small:px-2"
            >
              10/10/2022
            </td>
            <td
              className="py-4 px-6 small:py-1 small:px-2 w-20"
            >
              <button
                className="w-25 h-7 bg-white text-accent border-2 
 border-accent rounded-3xl px-5 small:w-15 small:h-5 
 small:rounded-xs small:px-2 hover:border-primary hover:text-primary"
                type="button"
              >
                Apply
              </button>
            </td>
          </tr>
          <tr
            className="bg-white dark:bg-gray-800 small:text-xs"
          >
            <th
              className="py-4 px-6 small:py-1 small:px-2 font-medium text-gray-900 whitespace-nowrap dark:text-white"
              scope="row"
            >
              Web Developer pr
            </th>
            <td
              className="py-4 px-6 small:py-1 small:px-2"
            >
              2000$-3000$
            </td>
            <td
              className="py-4 px-6 small:py-1 small:px-2"
            >
              10/10/2022
            </td>
            <td
              className="py-4 px-6 small:py-1 small:px-2 w-20"
            >
              <button
                className="w-25 h-7 bg-white text-accent border-2 
 border-accent rounded-3xl px-5 small:w-15 small:h-5 
 small:rounded-xs small:px-2 hover:border-primary hover:text-primary"
                type="button"
              >
                Apply
              </button>
            </td>
          </tr>
          <tr
            className="bg-white dark:bg-gray-800 small:text-xs"
          >
            <th
              className="py-4 px-6 small:py-1 small:px-2 font-medium text-gray-900 whitespace-nowrap dark:text-white"
              scope="row"
            >
              Web Developer fr
            </th>
            <td
              className="py-4 px-6 small:py-1 small:px-2"
            >
              2000$-3000$
            </td>
            <td
              className="py-4 px-6 small:py-1 small:px-2"
            >
              10/10/2022
            </td>
            <td
              className="py-4 px-6 small:py-1 small:px-2 w-20"
            >
              <button
                className="w-25 h-7 bg-white text-accent border-2 
 border-accent rounded-3xl px-5 small:w-15 small:h-5 
 small:rounded-xs small:px-2 hover:border-primary hover:text-primary"
                type="button"
              >
                Apply
              </button>
            </td>
          </tr>
          <tr
            className="bg-white dark:bg-gray-800 small:text-xs"
          >
            <th
              className="py-4 px-6 small:py-1 small:px-2 font-medium text-gray-900 whitespace-nowrap dark:text-white"
              scope="row"
            >
              Web Developer r
            </th>
            <td
              className="py-4 px-6 small:py-1 small:px-2"
            >
              2000$-3000$
            </td>
            <td
              className="py-4 px-6 small:py-1 small:px-2"
            >
              10/10/2022
            </td>
            <td
              className="py-4 px-6 small:py-1 small:px-2 w-20"
            >
              <button
                className="w-25 h-7 bg-white text-accent border-2 
 border-accent rounded-3xl px-5 small:w-15 small:h-5 
 small:rounded-xs small:px-2 hover:border-primary hover:text-primary"
                type="button"
              >
                Apply
              </button>
            </td>
          </tr>
          <tr
            className="bg-white dark:bg-gray-800 small:text-xs"
          >
            <th
              className="py-4 px-6 small:py-1 small:px-2 font-medium text-gray-900 whitespace-nowrap dark:text-white"
              scope="row"
            >
              Web Developer fp
            </th>
            <td
              className="py-4 px-6 small:py-1 small:px-2"
            >
              2000$-3000$
            </td>
            <td
              className="py-4 px-6 small:py-1 small:px-2"
            >
              10/10/2022
            </td>
            <td
              className="py-4 px-6 small:py-1 small:px-2 w-20"
            >
              <button
                className="w-25 h-7 bg-white text-accent border-2 
 border-accent rounded-3xl px-5 small:w-15 small:h-5 
 small:rounded-xs small:px-2 hover:border-primary hover:text-primary"
                type="button"
              >
                Apply
              </button>
            </td>
          </tr>
        </tbody>
      </table>
    </div>
  </div>
</div>
`;
