// Jest Snapshot v1, https://goo.gl/fbAQLP

exports[`renders Latest Jobs correctly 1`] = `
<div
  className="bg-gray-100"
>
  <div
    className=" max-w-[70%] h-full mx-auto py-10"
  >
    <h1
      className="text-3xl text-sky-800 mb-10 font-semibold"
    >
      Latest Jobs
    </h1>
    <div
      className="flex justify-end"
    >
      <label
        className="mr-4"
        htmlFor="full-time"
      >
        <input
          className="mr-2"
          id="full-time"
          type="checkbox"
        />
        Full Time
      </label>
      <label
        className="mr-4"
        htmlFor="part-time"
      >
        <input
          className="mr-2"
          id="part-time"
          type="checkbox"
        />
        Part Time
      </label>
      <label
        htmlFor="remote"
      >
        <input
          className="mr-2"
          id="remote"
          type="checkbox"
        />
        Remote
      </label>
    </div>
    <div
      className="overflow-x-auto shadow-md"
    >
      <table
        className="w-full text-sm text-left text-gray-500 dark:text-gray-400"
      >
        <thead
          className="text-xs text-sky-800 bg-gray-50 dark:bg-gray-700 dark:text-gray-400"
        >
          <tr>
            <th
              className="py-3 px-6"
              scope="col"
            >
              Position
            </th>
            <th
              className="py-3 px-6"
              scope="col"
            >
              Salary
            </th>
            <th
              className="py-3 px-6"
              scope="col"
            >
              Date
            </th>
            <td />
          </tr>
        </thead>
        <tbody>
          <tr
            className="bg-white dark:bg-gray-800"
          >
            <th
              className="py-4 px-6 font-medium text-gray-900 whitespace-nowrap dark:text-white"
              scope="row"
            >
              Web Developer
            </th>
            <td
              className="py-4 px-6"
            >
              2000$-3000$
            </td>
            <td
              className="py-4 px-6"
            >
              10/10/2022
            </td>
            <td
              className="py-4 px-6 w-20"
            >
              <button
                className="w-25 h-7 bg-white text-orange-600 border-2 border-orange-600 rounded-3xl px-5"
                type="button"
              >
                Apply
              </button>
            </td>
          </tr>
          <tr
            className="bg-white dark:bg-gray-800"
          >
            <th
              className="py-4 px-6 font-medium text-gray-900 whitespace-nowrap dark:text-white"
              scope="row"
            >
              Web Developer
            </th>
            <td
              className="py-4 px-6"
            >
              2000$-3000$
            </td>
            <td
              className="py-4 px-6"
            >
              10/10/2022
            </td>
            <td
              className="py-4 px-6 w-20"
            >
              <button
                className="w-25 h-7 bg-white text-orange-600 border-2 border-orange-600 rounded-3xl px-5"
                type="button"
              >
                Apply
              </button>
            </td>
          </tr>
          <tr
            className="bg-white dark:bg-gray-800"
          >
            <th
              className="py-4 px-6 font-medium text-gray-900 whitespace-nowrap dark:text-white"
              scope="row"
            >
              Web Developer
            </th>
            <td
              className="py-4 px-6"
            >
              2000$-3000$
            </td>
            <td
              className="py-4 px-6"
            >
              10/10/2022
            </td>
            <td
              className="py-4 px-6 w-20"
            >
              <button
                className="w-25 h-7 bg-white text-orange-600 border-2 border-orange-600 rounded-3xl px-5"
                type="button"
              >
                Apply
              </button>
            </td>
          </tr>
          <tr
            className="bg-white dark:bg-gray-800"
          >
            <th
              className="py-4 px-6 font-medium text-gray-900 whitespace-nowrap dark:text-white"
              scope="row"
            >
              Web Developer
            </th>
            <td
              className="py-4 px-6"
            >
              2000$-3000$
            </td>
            <td
              className="py-4 px-6"
            >
              10/10/2022
            </td>
            <td
              className="py-4 px-6 w-20"
            >
              <button
                className="w-25 h-7 bg-white text-orange-600 border-2 border-orange-600 rounded-3xl px-5"
                type="button"
              >
                Apply
              </button>
            </td>
          </tr>
          <tr
            className="bg-white dark:bg-gray-800"
          >
            <th
              className="py-4 px-6 font-medium text-gray-900 whitespace-nowrap dark:text-white"
              scope="row"
            >
              Web Developer
            </th>
            <td
              className="py-4 px-6"
            >
              2000$-3000$
            </td>
            <td
              className="py-4 px-6"
            >
              10/10/2022
            </td>
            <td
              className="py-4 px-6 w-20"
            >
              <button
                className="w-25 h-7 bg-white text-orange-600 border-2 border-orange-600 rounded-3xl px-5"
                type="button"
              >
                Apply
              </button>
            </td>
          </tr>
        </tbody>
      </table>
    </div>
  </div>
</div>
`;
